
> meeting-note-recorder@1.0.0 start
> electron .

[dotenv@17.2.2] injecting env (4) from .env -- tip: 📡 version env with Radar: https://dotenvx.com/radar
LoggingService initialized {
  logPath: '/Users/joshuawohle/Library/Application Support/meeting-note-recorder/logs/app-2025-09-16T15-00-45-393Z.log'
}
Initializing services... 
Checking all permissions 
Screen recording status: granted
Permission status { 'screen-capture': true, microphone: true, accessibility: true }
Permission status { 'screen-capture': true, microphone: true, accessibility: true }
Checking all permissions 
Screen recording status: granted
Permission status { 'screen-capture': true, microphone: true, accessibility: true }
Settings initialized: {
  googleCalendarConnected: true,
  hasApiKey: true,
  storagePath: '/Users/joshuawohle/Documents/MeetingRecordings'
}
Settings service initialized {
  recallApiUrl: 'https://us-east-1.recall.ai',
  storagePath: '/Users/joshuawohle/Documents/MeetingRecordings',
  googleCalendarConnected: true,
  autoStartOnBoot: false,
  selectedCalendars: [],
  recallApiKey: '1332daafebd5965acdf93098d1be5c9a23b2f2dc'
}
Initializing CalendarService with CLIENT_ID: 1042328300965-or1qom...
Stored tokens available: true
Setting credentials from stored tokens
Loading index.html from: /Users/joshuawohle/Documents/Workspace/Core/Tools/meeting-note-recorder/dist/renderer/index.html
[53099:0916/160045.752231:ERROR:electron/shell/common/platform_util_mac.mm:258] Unable to set login item: The operation couldn’t be completed. Operation not permitted
Initializing RecallAI SDK { apiUrl: 'https://us-east-1.recall.ai', hasApiKey: true }
DOM is ready
Getting meetings { count: 55 }
Setting up SDK event listeners 
RecallAI SDK and API service initialized successfully 
Meeting detection started with recall.ai SDK 
Auto-syncing calendar on startup...
fetchUpcomingMeetings called
Calendar object exists: true
Is authenticated: true
Fetching events from 2025-09-16T15:00:51.212Z to 2025-09-23T15:00:51.212Z
Calendar API response: 50 events found
Auto-sync: Found 50 calendar events
Auto-sync completed: 0 new meetings, 50 total events
Getting meetings { count: 55 }
